// Jest Snapshot v1, https://goo.gl/fbAQLP

exports[`header template 1`] = `
<header>
  header
</header>
`;
