// Jest Snapshot v1, https://goo.gl/fbAQLP

exports[`home page 1`] = `
<main>
  <div>
    <p>
      Home
    </p>
  </div>
  <div>
    <p>
      input
    </p>
    <p>
      navi
    </p>
  </div>
  <article>
    <div>
      <p>
        timeline
      </p>
    </div>
  </article>
</main>
`;
